---
arturl_encode: "68747470733a2f2f:626c6f672e6373646e2e6e65742f7869616f6a69616e706974:742f61727469636c652f64657461696c732f31393036343639"
layout: post
title: "oracle-对一个数据库打开多个实例-"
date: 2024-12-17 19:22:10 +0800
description: "对于Oracle数据库来说，db_name和instance_name可以"
keywords: "oracle数据库两个实例"
categories: ['数据库']
tags: ['数据库', 'String', 'Sql', 'Oracle', 'File', 'Database']
artid: "1906469"
image:
    path: https://api.vvhan.com/api/bing?rand=sj&artid=1906469
    alt: "oracle-对一个数据库打开多个实例-"
render_with_liquid: false
featuredImage: https://bing.ee123.net/img/rand?artid=1906469
featuredImagePreview: https://bing.ee123.net/img/rand?artid=1906469
---

# oracle 对一个数据库打开多个实例

对于Oracle数据库来说，db\_name和instance\_name可以不同。

我们来看一下Oracle文档中对于db\_name的定义:

DB\_NAME必须是一个不超过8个字符的文本串.在数据库创建过程中,db\_name被记录在数据文件，日志文件和控制文件中。如果数据库实例启动过程中参数文件中的db\_name和控制文件中的数据库名称不一致，则数据库不能启动。

一个实例可以mount并打开任何数据库，但是同一时间一个实例只能打开一个数据库。

一个数据库可以被一个或多个实例所mount并打开（在OPS/RAC环境下，一个数据库可以被多个实例所打开）.

我们看一下我的数据库:

[oracle@jumper dbs]$ grep name initeygle.ora

\*.db\_name='eygle'

\*.instance\_name='eygle'

当前参数设置下的数据库:

SQL> select name from v$datafile;

NAME

-----------------------------------------------------

/opt/oracle/oradata/eygle/system01.dbf

/opt/oracle/oradata/eygle/undotbs01.dbf

/opt/oracle/oradata/eygle/users01.dbf

/opt/oracle/oradata/eygle/eygle01.dbf

SQL> show parameter db\_name

NAME
                                 TYPE        VALUE

------------------------------------ ----------- -----------

db\_name
                              string      eygle

SQL> show parameter instance\_name

NAME
                                 TYPE        VALUE

------------------------------------ ----------- -----------

instance\_name
                        string      eygle

SQL> create pfile from spfile;

File created.

SQL> exit

Disconnected from Oracle9i Enterprise Edition Release 9.2.0.4.0 - Production

With the Partitioning option

JServer Release 9.2.0.4.0 - Production

我们创建一个新的pfile为julia这个新的实例使用:

[oracle@jumper oracle]$ cd $ORACLE\_HOME/dbs

[oracle@jumper dbs]$ cp initeygle.ora initjulia.ora

[oracle@jumper dbs]$ ll init\*

-rw-r--r--
    1 oracle   dba           982 Jul 25 14:03 initeygle.ora

-rw-r--r--
    1 oracle   dba           982 Jul 25 14:04 initjulia.ora

-rw-r--r--
    1 oracle   dba          8385 Mar 9 2002 init.ora

修改这个文件更改:

instance\_name = julia

修改后的参数设置:

[oracle@jumper dbs]$ grep name initjulia.ora

\*.db\_name='eygle'

\*.instance\_name='julia'

然后我们启动实例名称为julia的instance:

[oracle@jumper dbs]$ export ORACLE\_SID=julia

[oracle@jumper dbs]$ sqlplus "/ as sysdba"

SQL\*Plus: Release 9.2.0.4.0 - Production on Tue Jul 25 14:04:15 2006

Copyright (c) 1982, 2002, Oracle Corporation. All rights reserved.

Connected to an idle instance.

SQL> startup mount;

ORACLE instance started.

Total System Global Area 139531744 bytes

Fixed Size
                   452064 bytes

Variable Size
             121634816 bytes

Database Buffers
           16777216 bytes

Redo Buffers
                 667648 bytes

ORA-01102: cannot mount database in EXCLUSIVE mode

SQL> exit

Disconnected from Oracle9i Enterprise Edition Release 9.2.0.4.0 - Production

With the Partitioning option

JServer Release 9.2.0.4.0 - Production

注意，此时试图加载数据库时出现错误，因为当前数据库被另外一个实例(instance)加载。在非并行模式(Ops/RAC)下，一个数据库同时只能被一个实例加载。

此时已经启动了两个数据库实例，从后台进程可以看出：

[oracle@jumper dbs]$ ps -ef|grep ora

oracle
   27321     1 0 Jul14 ?        00:00:00 ora\_pmon\_eygle

oracle
   27323     1 0 Jul14 ?        00:00:00 ora\_dbw0\_eygle

oracle
   27325     1 0 Jul14 ?        00:00:00 ora\_lgwr\_eygle

oracle
   27327     1 0 Jul14 ?        00:00:00 ora\_ckpt\_eygle

oracle
   27329     1 0 Jul14 ?        00:00:32 ora\_smon\_eygle

oracle
   27331     1 0 Jul14 ?        00:00:00 ora\_reco\_eygle

oracle
   27333     1 0 Jul14 ?        00:00:00 ora\_cjq0\_eygle

root
     15388   656 0 14:02 ?        00:00:00 sshd: oracle [priv]

oracle
   15390 15388 0 14:02 ?        00:00:00 sshd: oracle@pts/2

oracle
   15391 15390 0 14:02 pts/2    00:00:00 -bash

oracle
   15445     1 0 14:04 ?        00:00:00 ora\_pmon\_julia

oracle
   15447     1 0 14:04 ?        00:00:00 ora\_dbw0\_julia

oracle
   15449     1 0 14:04 ?        00:00:00 ora\_lgwr\_julia

oracle
   15451     1 0 14:04 ?        00:00:00 ora\_ckpt\_julia

oracle  15453
     1 0 14:04 ?        00:00:00 ora\_smon\_julia

oracle
   15455     1 0 14:04 ?        00:00:00 ora\_reco\_julia

oracle
   15457     1 0 14:04 ?        00:00:00 ora\_cjq0\_julia

oracle
   15459 15391 0 14:04 pts/2    00:00:00 ps -ef

oracle
   15460 15391 0 14:04 pts/2    00:00:00 grep ora

我们关闭eygle这个数据库实例:

[oracle@jumper dbs]$ export ORACLE\_SID=eygle

[oracle@jumper dbs]$ sqlplus "/ as sysdba"

SQL\*Plus: Release 9.2.0.4.0 - Production on Tue Jul 25 14:04:39 2006

Copyright (c) 1982, 2002, Oracle Corporation. All rights reserved.

Connected to:

Oracle9i Enterprise Edition Release 9.2.0.4.0 - Production

With the Partitioning option

JServer Release 9.2.0.4.0 - Production

SQL> shutdown immediate;

Database closed.

Database dismounted.

ORACLE instance shut down.

SQL> exit

Disconnected from Oracle9i Enterprise Edition Release 9.2.0.4.0 - Production

With the Partitioning option

JServer Release 9.2.0.4.0 - Production

此时就可以通过实例julia加载并打开db\_name=eygle的数据库了:

[oracle@jumper dbs]$ export ORACLE\_SID=julia

[oracle@jumper dbs]$ sqlplus "/ as sysdba"

SQL\*Plus: Release 9.2.0.4.0 - Production on Tue Jul 25 14:05:06 2006

Copyright (c) 1982, 2002, Oracle Corporation. All rights reserved.

Connected to:

Oracle9i Enterprise Edition Release 9.2.0.4.0 - Production

With the Partitioning option

JServer Release 9.2.0.4.0 - Production

SQL> alter database mount;

alter database mount

\*

ERROR at line 1:

ORA-01990: error opening password file '/opt/oracle/product/9.2.0/dbs/orapw'

ORA-27037: unable to obtain file status

Linux Error: 2: No such file or directory

Additional information: 3

SQL> alter database open;

Database altered.

SQL> select name from v$datafile;

NAME

----------------------------------------------------------------------------

/opt/oracle/oradata/eygle/system01.dbf

/opt/oracle/oradata/eygle/undotbs01.dbf

/opt/oracle/oradata/eygle/users01.dbf

/opt/oracle/oradata/eygle/eygle01.dbf

SQL> ! ps -ef|grep ora

root
     15388   656 0 14:02 ?        00:00:00 sshd: oracle [priv]

oracle
   15390 15388 0 14:02 ?        00:00:00 sshd: oracle@pts/2

oracle
   15391 15390 0 14:02 pts/2    00:00:00 -bash

oracle
   15445     1 0 14:04 ?        00:00:00 ora\_pmon\_julia

oracle
   15447     1 0 14:04 ?        00:00:00 ora\_dbw0\_julia

oracle
   15449     1 0 14:04 ?        00:00:00 ora\_lgwr\_julia

oracle
   15451     1 0 14:04 ?        00:00:00 ora\_ckpt\_julia

oracle
   15453     1 0 14:04 ?        00:00:00 ora\_smon\_julia

oracle
   15455     1 0 14:04 ?        00:00:00 ora\_reco\_julia

oracle
   15457     1 0 14:04 ?        00:00:00 ora\_cjq0\_julia

oracle
   15513 15391 0 14:05 pts/2    00:00:00 sqlplus

oracle
   15514 15513 3 14:05 ?        00:00:01 oraclejulia (DESCRIPTION=(LOCAL=YES)(ADDRESS=(PROTOCOL=beq)))

oracle
   15515 15513 0 14:05 pts/2    00:00:00 /bin/bash -c ps -ef|grep ora

oracle
   15516 15515 0 14:05 pts/2    00:00:00 ps -ef

SQL> show parameter instance\_name

NAME
                                 TYPE       VALUE

------------------------------------ ----------- ------------------------------

instance\_name
                        string      julia

SQL> show parameter db\_name

NAME
                                 TYPE        VALUE

------------------------------------ ----------- ------------------------------

db\_name
                              string      eygle

我们再看看如果参数文件中的db\_name和控制文件中的db\_name不一致会出现什么错误.

修改参数db\_name:

[oracle@jumper dbs]$ grep name initjulia.ora

\*.db\_name='julia'

\*.instance\_name='julia'

在启动过程中，我们看到，在mount阶段，数据库会对参数文件和控制文件进行比较，如果两者记录的db\_name不一致，则数据库无法启动:

SQL> startup nomount;

ORACLE instance started.

Total System Global Area 139531744 bytes

Fixed Size
                   452064 bytes

Variable Size
             121634816 bytes

Database Buffers
           16777216 bytes

Redo Buffers
                 667648 bytes

SQL> alter database mount;

alter database mount

\*

ERROR at line 1:

ORA-01103: database name 'EYGLE' in controlfile is not 'JULIA'

另外的一个区别是，db\_name通常限制在8个字符之内；instance\_name最多应该支持21个字符。通常我们都是设置db\_name和instance\_name一致。需要注意的是如果db\_name设置过长，则会被Oracle截断为8个字符，而instance\_name仍然会保留在21个字符之内，如果你的环境变量设置的instance\_name=db\_name，则启动时就会出现问题，你需要重建pfile/spfile并且修改环境变量才能启动实例，加载数据库。

这个问题可以参考Itpub曾经出现的案例:

http://www.itpub.net/showthread.php?threadid=604507

本文通过实例来介绍instance\_name和db\_name的区别，希望大家能对这两个参数以及instance和database有进一步的认识。

个人补充：

对于Windows 用户来说，在为eygle数据库建立新实例julia是参照下面的动作。（针对oracle 9i）

1.
   拷贝eygle数据库的参数文件 INITeygle.ORA 为 INITjulia.ORA，并设置 instancename = julia，也可以动态生成 spfile 文件，启动的时候使用该spfile。

2.
   为实例 julia 生成新的 password file, 可以拷贝 PWDEYGLE.ora 然后改名为 PWDJULIA.ora，或者使用 orapwd命令：

orapwd file=%ORACLE\_HOME%datebase￥PWDJULIA.ora password={password} entries=10

3.
   为实例 julia 生成Windows Service

oradim -new -sid JULIA -intpwd password -startmode a -pfile %ORACLE\_HOME%database￥INITjulia.ORA

4.
   将实例添加到 TNS Listener 位于%ORALCE\_HOME%￥network￥admin下的配置文件 listener.ora 和 tnsnames.ora 中

5.
   reload TNS listener

lsnrctl reload